// Jest Snapshot v1, https://goo.gl/fbAQLP

exports[`AutoPlay snapshot renders the root 1`] = `
<View
  style={
    Object {
      "flex": 1,
    }
  }
>
  <View
    animateTransitions={true}
    onChangeIndex={[Function]}
    onLayout={[Function]}
    onSwitching={[Function]}
    resistance={false}
    springConfig={
      Object {
        "friction": 30,
        "tension": 300,
      }
    }
    style={
      Array [
        Object {
          "flex": 1,
          "overflow": "hidden",
        },
        undefined,
      ]
    }
    threshold={5}
  >
    <View
      onMoveShouldSetResponder={[Function]}
      onMoveShouldSetResponderCapture={[Function]}
      onResponderEnd={[Function]}
      onResponderGrant={[Function]}
      onResponderMove={[Function]}
      onResponderReject={[Function]}
      onResponderRelease={[Function]}
      onResponderStart={[Function]}
      onResponderTerminate={[Function]}
      onResponderTerminationRequest={[Function]}
      onStartShouldSetResponder={[Function]}
      onStartShouldSetResponderCapture={[Function]}
      style={
        Object {
          "flex": 1,
          "flexDirection": "row",
          "transform": Array [
            Object {
              "translateX": 0,
            },
          ],
          "width": 2250,
        }
      }
    >
      <View
        style={
          Array [
            Object {
              "flex": 1,
            },
            undefined,
          ]
        }
      >
        <View
          style={
            Array [
              Object {
                "flex": 1,
                "justifyContent": "center",
                "padding": 15,
              },
              Object {
                "backgroundColor": "#fbc02d",
              },
            ]
          }
        >
          <Text
            style={
              Array [
                Object {
                  "color": "#000000",
                  "fontFamily": "Helvetica Neue",
                  "textAlign": "left",
                  "writingDirection": "ltr",
                },
                Array [
                  Object {
                    "color": "rgba(0, 0, 0, 0.87)",
                    "fontFamily": "HelveticaNeue-Medium",
                    "textAlign": "left",
                    "writingDirection": "ltr",
                  },
                  Array [
                    Object {
                      "fontSize": 20,
                      "lineHeight": 30,
                      "marginVertical": 2,
                    },
                    Object {
                      "color": "#ffffff",
                      "textAlign": "center",
                    },
                  ],
                  Array [
                    Object {
                      "fontSize": 20,
                      "lineHeight": 30,
                      "marginVertical": 2,
                    },
                    Object {
                      "color": "#ffffff",
                      "textAlign": "center",
                    },
                  ],
                ],
              ]
            }
            theme={
              Object {
                "colors": Object {
                  "accent": "#03dac4",
                  "backdrop": "rgba(0, 0, 0, 0.5)",
                  "background": "#f6f6f6",
                  "disabled": "rgba(0, 0, 0, 0.26)",
                  "error": "#B00020",
                  "placeholder": "rgba(0, 0, 0, 0.54)",
                  "primary": "#6200ee",
                  "surface": "#ffffff",
                  "text": "#000000",
                },
                "dark": false,
                "fonts": Object {
                  "light": "HelveticaNeue-Light",
                  "medium": "HelveticaNeue-Medium",
                  "regular": "Helvetica Neue",
                  "thin": "HelveticaNeue-Thin",
                },
                "roundness": 4,
              }
            }
          >
            slide n°1
          </Text>
        </View>
      </View>
      <View
        style={
          Array [
            Object {
              "flex": 1,
            },
            undefined,
          ]
        }
      >
        <View
          style={
            Array [
              Object {
                "flex": 1,
                "justifyContent": "center",
                "padding": 15,
              },
              Object {
                "backgroundColor": "#388e3c",
              },
            ]
          }
        >
          <Text
            style={
              Array [
                Object {
                  "color": "#000000",
                  "fontFamily": "Helvetica Neue",
                  "textAlign": "left",
                  "writingDirection": "ltr",
                },
                Array [
                  Object {
                    "color": "rgba(0, 0, 0, 0.87)",
                    "fontFamily": "HelveticaNeue-Medium",
                    "textAlign": "left",
                    "writingDirection": "ltr",
                  },
                  Array [
                    Object {
                      "fontSize": 20,
                      "lineHeight": 30,
                      "marginVertical": 2,
                    },
                    Object {
                      "color": "#ffffff",
                      "textAlign": "center",
                    },
                  ],
                  Array [
                    Object {
                      "fontSize": 20,
                      "lineHeight": 30,
                      "marginVertical": 2,
                    },
                    Object {
                      "color": "#ffffff",
                      "textAlign": "center",
                    },
                  ],
                ],
              ]
            }
            theme={
              Object {
                "colors": Object {
                  "accent": "#03dac4",
                  "backdrop": "rgba(0, 0, 0, 0.5)",
                  "background": "#f6f6f6",
                  "disabled": "rgba(0, 0, 0, 0.26)",
                  "error": "#B00020",
                  "placeholder": "rgba(0, 0, 0, 0.54)",
                  "primary": "#6200ee",
                  "surface": "#ffffff",
                  "text": "#000000",
                },
                "dark": false,
                "fonts": Object {
                  "light": "HelveticaNeue-Light",
                  "medium": "HelveticaNeue-Medium",
                  "regular": "Helvetica Neue",
                  "thin": "HelveticaNeue-Thin",
                },
                "roundness": 4,
              }
            }
          >
            slide n°2
          </Text>
        </View>
      </View>
      <View
        style={
          Array [
            Object {
              "flex": 1,
            },
            undefined,
          ]
        }
      >
        <View
          style={
            Array [
              Object {
                "flex": 1,
                "justifyContent": "center",
                "padding": 15,
              },
              Object {
                "backgroundColor": "#1976d2",
              },
            ]
          }
        >
          <Text
            style={
              Array [
                Object {
                  "color": "#000000",
                  "fontFamily": "Helvetica Neue",
                  "textAlign": "left",
                  "writingDirection": "ltr",
                },
                Array [
                  Object {
                    "color": "rgba(0, 0, 0, 0.87)",
                    "fontFamily": "HelveticaNeue-Medium",
                    "textAlign": "left",
                    "writingDirection": "ltr",
                  },
                  Array [
                    Object {
                      "fontSize": 20,
                      "lineHeight": 30,
                      "marginVertical": 2,
                    },
                    Object {
                      "color": "#ffffff",
                      "textAlign": "center",
                    },
                  ],
                  Array [
                    Object {
                      "fontSize": 20,
                      "lineHeight": 30,
                      "marginVertical": 2,
                    },
                    Object {
                      "color": "#ffffff",
                      "textAlign": "center",
                    },
                  ],
                ],
              ]
            }
            theme={
              Object {
                "colors": Object {
                  "accent": "#03dac4",
                  "backdrop": "rgba(0, 0, 0, 0.5)",
                  "background": "#f6f6f6",
                  "disabled": "rgba(0, 0, 0, 0.26)",
                  "error": "#B00020",
                  "placeholder": "rgba(0, 0, 0, 0.54)",
                  "primary": "#6200ee",
                  "surface": "#ffffff",
                  "text": "#000000",
                },
                "dark": false,
                "fonts": Object {
                  "light": "HelveticaNeue-Light",
                  "medium": "HelveticaNeue-Medium",
                  "regular": "Helvetica Neue",
                  "thin": "HelveticaNeue-Thin",
                },
                "roundness": 4,
              }
            }
          >
            slide n°3
          </Text>
        </View>
      </View>
    </View>
  </View>
  <View
    style={
      Object {
        "bottom": 8,
        "flexDirection": "row",
        "position": "absolute",
        "right": 8,
      }
    }
  >
    <View
      accessible={true}
      isTVSelectable={true}
      onResponderGrant={[Function]}
      onResponderMove={[Function]}
      onResponderRelease={[Function]}
      onResponderTerminate={[Function]}
      onResponderTerminationRequest={[Function]}
      onStartShouldSetResponder={[Function]}
      style={
        Object {
          "borderRadius": 6,
          "height": 18,
          "width": 18,
        }
      }
    >
      <View
        style={
          Array [
            Object {
              "backgroundColor": "#e4e6e7",
              "borderRadius": 6,
              "height": 12,
              "margin": 3,
              "width": 12,
            },
            Object {
              "backgroundColor": "#319fd6",
            },
          ]
        }
      />
    </View>
    <View
      accessible={true}
      isTVSelectable={true}
      onResponderGrant={[Function]}
      onResponderMove={[Function]}
      onResponderRelease={[Function]}
      onResponderTerminate={[Function]}
      onResponderTerminationRequest={[Function]}
      onStartShouldSetResponder={[Function]}
      style={
        Object {
          "borderRadius": 6,
          "height": 18,
          "width": 18,
        }
      }
    >
      <View
        style={
          Object {
            "backgroundColor": "#e4e6e7",
            "borderRadius": 6,
            "height": 12,
            "margin": 3,
            "width": 12,
          }
        }
      />
    </View>
    <View
      accessible={true}
      isTVSelectable={true}
      onResponderGrant={[Function]}
      onResponderMove={[Function]}
      onResponderRelease={[Function]}
      onResponderTerminate={[Function]}
      onResponderTerminationRequest={[Function]}
      onStartShouldSetResponder={[Function]}
      style={
        Object {
          "borderRadius": 6,
          "height": 18,
          "width": 18,
        }
      }
    >
      <View
        style={
          Object {
            "backgroundColor": "#e4e6e7",
            "borderRadius": 6,
            "height": 12,
            "margin": 3,
            "width": 12,
          }
        }
      />
    </View>
  </View>
</View>
`;
